// Jest Snapshot v1, https://goo.gl/fbAQLP

exports[`StopViewerOverlay Default smoke-test 1`] = `
<div class="styled__StoryMapContainer-sc-12kjso7-6 jsxXhE">
  <div class="maplibregl-map mapboxgl-map"
       style="position: relative; width: 100%; height: 100%;"
  >
    <div class="maplibregl-canvas-container mapboxgl-canvas-container maplibregl-interactive mapboxgl-interactive maplibregl-touch-drag-pan mapboxgl-touch-drag-pan maplibregl-touch-zoom-rotate mapboxgl-touch-zoom-rotate">
      <canvas class="maplibregl-canvas mapboxgl-canvas"
              tabindex="0"
              aria-label="Map"
              role="region"
              width="1248"
              height="648"
              style="width: 1248px; height: 648px;"
      >
      </canvas>
      <div class="maplibregl-marker mapboxgl-marker maplibregl-marker-anchor-center mapboxgl-marker-anchor-center"
           style="transform: translate(-50%, -50%) translate(624px, 324px) rotateX(0deg) rotateZ(0deg); cursor: pointer;"
      >
        <span>
          <div color="#00FFFF"
               size="18"
               stroke="3"
               class="styled__LeafletStyleMarker-sc-12kjso7-4 jFETRk"
          >
          </div>
        </span>
      </div>
    </div>
    <div class="maplibregl-control-container mapboxgl-control-container">
      <div class="maplibregl-ctrl-top-left mapboxgl-ctrl-top-left">
      </div>
      <div class="maplibregl-ctrl-top-right mapboxgl-ctrl-top-right">
      </div>
      <div class="maplibregl-ctrl-bottom-left mapboxgl-ctrl-bottom-left">
      </div>
      <div class="maplibregl-ctrl-bottom-right mapboxgl-ctrl-bottom-right">
        <details class="maplibregl-ctrl maplibregl-ctrl-attrib mapboxgl-ctrl mapboxgl-ctrl-attrib maplibregl-attrib-empty mapboxgl-attrib-empty"
                 open
        >
          <summary class="maplibregl-ctrl-attrib-button mapboxgl-ctrl-attrib-button"
                   title="Toggle attribution"
                   aria-label="Toggle attribution"
          >
          </summary>
          <div class="maplibregl-ctrl-attrib-inner mapboxgl-ctrl-attrib-inner">
          </div>
        </details>
      </div>
    </div>
  </div>
</div>
`;

exports[`StopViewerOverlay WithCustomMarker smoke-test 1`] = `
<div class="styled__StoryMapContainer-sc-12kjso7-6 jsxXhE">
  <div class="maplibregl-map mapboxgl-map"
       style="position: relative; width: 100%; height: 100%;"
  >
    <div class="maplibregl-canvas-container mapboxgl-canvas-container maplibregl-interactive mapboxgl-interactive maplibregl-touch-drag-pan mapboxgl-touch-drag-pan maplibregl-touch-zoom-rotate mapboxgl-touch-zoom-rotate">
      <canvas class="maplibregl-canvas mapboxgl-canvas"
              tabindex="0"
              aria-label="Map"
              role="region"
              width="1248"
              height="648"
              style="width: 1248px; height: 648px;"
      >
      </canvas>
      <div aria-label="Map marker"
           class="maplibregl-marker mapboxgl-marker maplibregl-marker-anchor-center mapboxgl-marker-anchor-center"
           style="transform: translate(-50%, -50%) translate(624px, 310px) rotateX(0deg) rotateZ(0deg);"
      >
        <svg display="block"
             height="41px"
             width="27px"
             viewbox="0 0 27 41"
        >
          <g fill-rule="nonzero">
            <g transform="translate(3.0, 29.0)"
               fill="#000000"
            >
              <ellipse opacity="0.04"
                       cx="10.5"
                       cy="5.80029008"
                       rx="10.5"
                       ry="5.25002273"
              >
              </ellipse>
              <ellipse opacity="0.04"
                       cx="10.5"
                       cy="5.80029008"
                       rx="10.5"
                       ry="5.25002273"
              >
              </ellipse>
              <ellipse opacity="0.04"
                       cx="10.5"
                       cy="5.80029008"
                       rx="9.5"
                       ry="4.77275007"
              >
              </ellipse>
              <ellipse opacity="0.04"
                       cx="10.5"
                       cy="5.80029008"
                       rx="8.5"
                       ry="4.29549936"
              >
              </ellipse>
              <ellipse opacity="0.04"
                       cx="10.5"
                       cy="5.80029008"
                       rx="7.5"
                       ry="3.81822308"
              >
              </ellipse>
              <ellipse opacity="0.04"
                       cx="10.5"
                       cy="5.80029008"
                       rx="6.5"
                       ry="3.34094679"
              >
              </ellipse>
              <ellipse opacity="0.04"
                       cx="10.5"
                       cy="5.80029008"
                       rx="5.5"
                       ry="2.86367051"
              >
              </ellipse>
              <ellipse opacity="0.04"
                       cx="10.5"
                       cy="5.80029008"
                       rx="4.5"
                       ry="2.38636864"
              >
              </ellipse>
            </g>
            <g fill="#3FB1CE">
              <path d="M27,13.5 C27,19.074644 20.250001,27.000002 14.75,34.500002 C14.016665,35.500004 12.983335,35.500004 12.25,34.500002 C6.7499993,27.000002 0,19.222562 0,13.5 C0,6.0441559 6.0441559,0 13.5,0 C20.955844,0 27,6.0441559 27,13.5 Z">
              </path>
            </g>
            <g opacity="0.25"
               fill="#000000"
            >
              <path d="M13.5,0 C6.0441559,0 0,6.0441559 0,13.5 C0,19.222562 6.7499993,27 12.25,34.5 C13,35.522727 14.016664,35.500004 14.75,34.5 C20.250001,27 27,19.074644 27,13.5 C27,6.0441559 20.955844,0 13.5,0 Z M13.5,1 C20.415404,1 26,6.584596 26,13.5 C26,15.898657 24.495584,19.181431 22.220703,22.738281 C19.945823,26.295132 16.705119,30.142167 13.943359,33.908203 C13.743445,34.180814 13.612715,34.322738 13.5,34.441406 C13.387285,34.322738 13.256555,34.180814 13.056641,33.908203 C10.284481,30.127985 7.4148684,26.314159 5.015625,22.773438 C2.6163816,19.232715 1,15.953538 1,13.5 C1,6.584596 6.584596,1 13.5,1 Z">
              </path>
            </g>
            <g transform="translate(6.0, 7.0)"
               fill="#FFFFFF"
            >
            </g>
            <g transform="translate(8.0, 8.0)">
              <circle fill="#000000"
                      opacity="0.25"
                      cx="5.5"
                      cy="5.5"
                      r="5.4999962"
              >
              </circle>
              <circle fill="#FFFFFF"
                      cx="5.5"
                      cy="5.5"
                      r="5.4999962"
              >
              </circle>
            </g>
          </g>
        </svg>
      </div>
    </div>
    <div class="maplibregl-control-container mapboxgl-control-container">
      <div class="maplibregl-ctrl-top-left mapboxgl-ctrl-top-left">
      </div>
      <div class="maplibregl-ctrl-top-right mapboxgl-ctrl-top-right">
      </div>
      <div class="maplibregl-ctrl-bottom-left mapboxgl-ctrl-bottom-left">
      </div>
      <div class="maplibregl-ctrl-bottom-right mapboxgl-ctrl-bottom-right">
        <details class="maplibregl-ctrl maplibregl-ctrl-attrib mapboxgl-ctrl mapboxgl-ctrl-attrib"
                 open
        >
          <summary class="maplibregl-ctrl-attrib-button mapboxgl-ctrl-attrib-button"
                   title="Toggle attribution"
                   aria-label="Toggle attribution"
          >
          </summary>
          <div class="maplibregl-ctrl-attrib-inner mapboxgl-ctrl-attrib-inner">
            (modified) ©
            <a href="https://carto.com/about-carto/"
               target="_blank"
               rel="noopener"
            >
              CARTO
            </a>
            , ©
            <a href="http://www.openstreetmap.org/about/"
               target="_blank"
            >
              OpenStreetMap
            </a>
            contributors
          </div>
        </details>
      </div>
    </div>
  </div>
</div>
`;
