// Jest Snapshot v1, https://goo.gl/fbAQLP

exports[`OTP2 Tile Layer OtpTileLayer smoke-test 1`] = `
<label>
  OTP2 Server with stops layer enabled
  <input placeholder="http://localhost:8001/otp"
         value="https://fake-otp-server.com/otp"
  >
</label>
<pre style="display: inline; padding-left: 5px;">
  https://fake-otp-server.com/otp
</pre>
mocks downtown Philadelphia stop tile data. Check stops in the layer selector and zoom in on downtown Philadelphia (near city hall) to see some stops loaded from OTP tiles.
<div class="maplibregl-map mapboxgl-map"
     style="position: relative; width: 100%; height: 80vh;"
>
  <div class="maplibregl-canvas-container mapboxgl-canvas-container maplibregl-interactive mapboxgl-interactive maplibregl-touch-drag-pan mapboxgl-touch-drag-pan maplibregl-touch-zoom-rotate mapboxgl-touch-zoom-rotate">
    <canvas class="maplibregl-canvas mapboxgl-canvas"
            tabindex="0"
            aria-label="Map"
            role="region"
            width="1248"
            height="576"
            style="width: 1248px; height: 576px;"
    >
    </canvas>
  </div>
  <div class="maplibregl-control-container mapboxgl-control-container">
    <div class="maplibregl-ctrl-top-left mapboxgl-ctrl-top-left">
    </div>
    <div class="maplibregl-ctrl-top-right mapboxgl-ctrl-top-right">
    </div>
    <div class="maplibregl-ctrl-bottom-left mapboxgl-ctrl-bottom-left">
    </div>
    <div class="maplibregl-ctrl-bottom-right mapboxgl-ctrl-bottom-right">
      <details class="maplibregl-ctrl maplibregl-ctrl-attrib mapboxgl-ctrl mapboxgl-ctrl-attrib"
               open
      >
        <summary class="maplibregl-ctrl-attrib-button mapboxgl-ctrl-attrib-button"
                 title="Toggle attribution"
                 aria-label="Toggle attribution"
        >
        </summary>
        <div class="maplibregl-ctrl-attrib-inner mapboxgl-ctrl-attrib-inner">
          ©
          <a href="https://carto.com/about-carto/"
             target="_blank"
             rel="noopener"
          >
            CARTO
          </a>
          , ©
          <a href="http://www.openstreetmap.org/about/"
             target="_blank"
          >
            OpenStreetMap
          </a>
          contributors
        </div>
      </details>
    </div>
  </div>
  <aside class="styled__LayerSelector-sc-12kjso7-5 kdylvV filter-group"
         id="filter-group"
  >
    <ul class="maplibregl-ctrl-group layers-list ">
      <li>
        <label>
          <input id="stops"
                 type="checkbox"
          >
          stops
        </label>
      </li>
    </ul>
  </aside>
</div>
`;
