// Jest Snapshot v1, https://goo.gl/fbAQLP

exports[`VehicleRentalOverlay RentalBicycles smoke-test 1`] = `
<div class="CLASS_NAME_FILLER">
  <div class="CLASS_NAME_FILLER"
       style="position: relative; width: 100%; height: 100%;"
  >
    <div class="CLASS_NAME_FILLER">
      <canvas class="CLASS_NAME_FILLER"
              tabindex="0"
              aria-label="Map"
              role="region"
              width="1248"
              height="648"
              style="width: 1248px; height: 648px;"
      >
      </canvas>
    </div>
    <div class="CLASS_NAME_FILLER">
      <div class="CLASS_NAME_FILLER">
      </div>
      <div class="CLASS_NAME_FILLER">
      </div>
      <div class="CLASS_NAME_FILLER">
      </div>
      <div class="CLASS_NAME_FILLER">
        <details class="CLASS_NAME_FILLER"
                 open
        >
          <summary class="CLASS_NAME_FILLER"
                   title="Toggle attribution"
                   aria-label="Toggle attribution"
          >
          </summary>
          <div class="CLASS_NAME_FILLER">
            ©
            <a href="https://carto.com/about-carto/"
               target="_blank"
               rel="noopener"
            >
              CARTO
            </a>
            , ©
            <a href="http://www.openstreetmap.org/about/"
               target="_blank"
            >
              OpenStreetMap
            </a>
            contributors
          </div>
        </details>
      </div>
    </div>
  </div>
</div>
`;

exports[`VehicleRentalOverlay RentalBicyclesVisibilityControlledByKnob smoke-test 1`] = `
<div class="CLASS_NAME_FILLER">
  <div class="CLASS_NAME_FILLER"
       style="position: relative; width: 100%; height: 100%;"
  >
    <div class="CLASS_NAME_FILLER">
      <canvas class="CLASS_NAME_FILLER"
              tabindex="0"
              aria-label="Map"
              role="region"
              width="1248"
              height="648"
              style="width: 1248px; height: 648px;"
      >
      </canvas>
    </div>
    <div class="CLASS_NAME_FILLER">
      <div class="CLASS_NAME_FILLER">
      </div>
      <div class="CLASS_NAME_FILLER">
      </div>
      <div class="CLASS_NAME_FILLER">
      </div>
      <div class="CLASS_NAME_FILLER">
        <details class="CLASS_NAME_FILLER"
                 open
        >
          <summary class="CLASS_NAME_FILLER"
                   title="Toggle attribution"
                   aria-label="Toggle attribution"
          >
          </summary>
          <div class="CLASS_NAME_FILLER">
            ©
            <a href="https://carto.com/about-carto/"
               target="_blank"
               rel="noopener"
            >
              CARTO
            </a>
            , ©
            <a href="http://www.openstreetmap.org/about/"
               target="_blank"
            >
              OpenStreetMap
            </a>
            contributors
          </div>
        </details>
      </div>
    </div>
  </div>
</div>
`;

exports[`VehicleRentalOverlay RentalCars smoke-test 1`] = `
<div class="CLASS_NAME_FILLER">
  <div class="CLASS_NAME_FILLER"
       style="position: relative; width: 100%; height: 100%;"
  >
    <div class="CLASS_NAME_FILLER">
      <canvas class="CLASS_NAME_FILLER"
              tabindex="0"
              aria-label="Map"
              role="region"
              width="1248"
              height="648"
              style="width: 1248px; height: 648px;"
      >
      </canvas>
    </div>
    <div class="CLASS_NAME_FILLER">
      <div class="CLASS_NAME_FILLER">
      </div>
      <div class="CLASS_NAME_FILLER">
      </div>
      <div class="CLASS_NAME_FILLER">
      </div>
      <div class="CLASS_NAME_FILLER">
        <details class="CLASS_NAME_FILLER"
                 open
        >
          <summary class="CLASS_NAME_FILLER"
                   title="Toggle attribution"
                   aria-label="Toggle attribution"
          >
          </summary>
          <div class="CLASS_NAME_FILLER">
            ©
            <a href="https://carto.com/about-carto/"
               target="_blank"
               rel="noopener"
            >
              CARTO
            </a>
            , ©
            <a href="http://www.openstreetmap.org/about/"
               target="_blank"
            >
              OpenStreetMap
            </a>
            contributors
          </div>
        </details>
      </div>
    </div>
  </div>
</div>
`;

exports[`VehicleRentalOverlay RentalEScooters smoke-test 1`] = `
<div class="CLASS_NAME_FILLER">
  <div class="CLASS_NAME_FILLER"
       style="position: relative; width: 100%; height: 100%;"
  >
    <div class="CLASS_NAME_FILLER">
      <canvas class="CLASS_NAME_FILLER"
              tabindex="0"
              aria-label="Map"
              role="region"
              width="1248"
              height="648"
              style="width: 1248px; height: 648px;"
      >
      </canvas>
    </div>
    <div class="CLASS_NAME_FILLER">
      <div class="CLASS_NAME_FILLER">
      </div>
      <div class="CLASS_NAME_FILLER">
      </div>
      <div class="CLASS_NAME_FILLER">
      </div>
      <div class="CLASS_NAME_FILLER">
        <details class="CLASS_NAME_FILLER"
                 open
        >
          <summary class="CLASS_NAME_FILLER"
                   title="Toggle attribution"
                   aria-label="Toggle attribution"
          >
          </summary>
          <div class="CLASS_NAME_FILLER">
            ©
            <a href="https://carto.com/about-carto/"
               target="_blank"
               rel="noopener"
            >
              CARTO
            </a>
            , ©
            <a href="http://www.openstreetmap.org/about/"
               target="_blank"
            >
              OpenStreetMap
            </a>
            contributors
          </div>
        </details>
      </div>
    </div>
  </div>
</div>
`;

exports[`VehicleRentalOverlay RentalEScootersWithCustomNaming smoke-test 1`] = `
<div class="CLASS_NAME_FILLER">
  <div class="CLASS_NAME_FILLER"
       style="position: relative; width: 100%; height: 100%;"
  >
    <div class="CLASS_NAME_FILLER">
      <canvas class="CLASS_NAME_FILLER"
              tabindex="0"
              aria-label="Map"
              role="region"
              width="1248"
              height="648"
              style="width: 1248px; height: 648px;"
      >
      </canvas>
    </div>
    <div class="CLASS_NAME_FILLER">
      <div class="CLASS_NAME_FILLER">
      </div>
      <div class="CLASS_NAME_FILLER">
      </div>
      <div class="CLASS_NAME_FILLER">
      </div>
      <div class="CLASS_NAME_FILLER">
        <details class="CLASS_NAME_FILLER"
                 open
        >
          <summary class="CLASS_NAME_FILLER"
                   title="Toggle attribution"
                   aria-label="Toggle attribution"
          >
          </summary>
          <div class="CLASS_NAME_FILLER">
            ©
            <a href="https://carto.com/about-carto/"
               target="_blank"
               rel="noopener"
            >
              CARTO
            </a>
            , ©
            <a href="http://www.openstreetmap.org/about/"
               target="_blank"
            >
              OpenStreetMap
            </a>
            contributors
          </div>
        </details>
      </div>
    </div>
  </div>
</div>
`;
