// Jest Snapshot v1, https://goo.gl/fbAQLP

exports[`ParkAndRideOverlay Default smoke-test 1`] = `
<div class="styled__StoryMapContainer-sc-12kjso7-6 jsxXhE">
  <div class="maplibregl-map mapboxgl-map"
       style="position: relative; width: 100%; height: 100%;"
  >
    <div class="maplibregl-canvas-container mapboxgl-canvas-container maplibregl-interactive mapboxgl-interactive maplibregl-touch-drag-pan mapboxgl-touch-drag-pan maplibregl-touch-zoom-rotate mapboxgl-touch-zoom-rotate">
      <canvas class="maplibregl-canvas mapboxgl-canvas"
              tabindex="0"
              aria-label="Map"
              role="region"
              width="1248"
              height="648"
              style="width: 1248px; height: 648px;"
      >
      </canvas>
      <div class="maplibregl-marker mapboxgl-marker maplibregl-marker-anchor-center mapboxgl-marker-anchor-center"
           style="transform: translate(-50%, -50%) translate(1844px, 703px) rotateX(0deg) rotateZ(0deg); cursor: pointer;"
      >
        <span>
          <div class="park-and-ride-marker__StyledParkAndRideIcon-sc-3bjx94-0 ipcSkF">
            P
          </div>
        </span>
      </div>
      <div class="maplibregl-marker mapboxgl-marker maplibregl-marker-anchor-center mapboxgl-marker-anchor-center"
           style="transform: translate(-50%, -50%) translate(1885px, 97px) rotateX(0deg) rotateZ(0deg); cursor: pointer;"
      >
        <span>
          <div class="park-and-ride-marker__StyledParkAndRideIcon-sc-3bjx94-0 ipcSkF">
            P
          </div>
        </span>
      </div>
      <div class="maplibregl-marker mapboxgl-marker maplibregl-marker-anchor-center mapboxgl-marker-anchor-center"
           style="transform: translate(-50%, -50%) translate(1453px, -1745px) rotateX(0deg) rotateZ(0deg); cursor: pointer;"
      >
        <span>
          <div class="park-and-ride-marker__StyledParkAndRideIcon-sc-3bjx94-0 ipcSkF">
            P
          </div>
        </span>
      </div>
      <div class="maplibregl-marker mapboxgl-marker maplibregl-marker-anchor-center mapboxgl-marker-anchor-center"
           style="transform: translate(-50%, -50%) translate(1042px, 1795px) rotateX(0deg) rotateZ(0deg); cursor: pointer;"
      >
        <span>
          <div class="park-and-ride-marker__StyledParkAndRideIcon-sc-3bjx94-0 ipcSkF">
            P
          </div>
        </span>
      </div>
      <div class="maplibregl-marker mapboxgl-marker maplibregl-marker-anchor-center mapboxgl-marker-anchor-center"
           style="transform: translate(-50%, -50%) translate(-3096px, 274px) rotateX(0deg) rotateZ(0deg); cursor: pointer;"
      >
        <span>
          <div class="park-and-ride-marker__StyledParkAndRideIcon-sc-3bjx94-0 ipcSkF">
            P
          </div>
        </span>
      </div>
      <div class="maplibregl-marker mapboxgl-marker maplibregl-marker-anchor-center mapboxgl-marker-anchor-center"
           style="transform: translate(-50%, -50%) translate(-915px, 196px) rotateX(0deg) rotateZ(0deg); cursor: pointer;"
      >
        <span>
          <div class="park-and-ride-marker__StyledParkAndRideIcon-sc-3bjx94-0 ipcSkF">
            P
          </div>
        </span>
      </div>
      <div class="maplibregl-marker mapboxgl-marker maplibregl-marker-anchor-center mapboxgl-marker-anchor-center"
           style="transform: translate(-50%, -50%) translate(-1237px, 643px) rotateX(0deg) rotateZ(0deg); cursor: pointer;"
      >
        <span>
          <div class="park-and-ride-marker__StyledParkAndRideIcon-sc-3bjx94-0 ipcSkF">
            P
          </div>
        </span>
      </div>
      <div class="maplibregl-marker mapboxgl-marker maplibregl-marker-anchor-center mapboxgl-marker-anchor-center"
           style="transform: translate(-50%, -50%) translate(1543px, 793px) rotateX(0deg) rotateZ(0deg); cursor: pointer;"
      >
        <span>
          <div class="park-and-ride-marker__StyledParkAndRideIcon-sc-3bjx94-0 ipcSkF">
            P
          </div>
        </span>
      </div>
      <div class="maplibregl-marker mapboxgl-marker maplibregl-marker-anchor-center mapboxgl-marker-anchor-center"
           style="transform: translate(-50%, -50%) translate(3486px, 570px) rotateX(0deg) rotateZ(0deg); cursor: pointer;"
      >
        <span>
          <div class="park-and-ride-marker__StyledParkAndRideIcon-sc-3bjx94-0 ipcSkF">
            P
          </div>
        </span>
      </div>
      <div class="maplibregl-marker mapboxgl-marker maplibregl-marker-anchor-center mapboxgl-marker-anchor-center"
           style="transform: translate(-50%, -50%) translate(3362px, 538px) rotateX(0deg) rotateZ(0deg); cursor: pointer;"
      >
        <span>
          <div class="park-and-ride-marker__StyledParkAndRideIcon-sc-3bjx94-0 ipcSkF">
            P
          </div>
        </span>
      </div>
      <div class="maplibregl-marker mapboxgl-marker maplibregl-marker-anchor-center mapboxgl-marker-anchor-center"
           style="transform: translate(-50%, -50%) translate(-522px, 1792px) rotateX(0deg) rotateZ(0deg); cursor: pointer;"
      >
        <span>
          <div class="park-and-ride-marker__StyledParkAndRideIcon-sc-3bjx94-0 ipcSkF">
            P
          </div>
        </span>
      </div>
      <div class="maplibregl-marker mapboxgl-marker maplibregl-marker-anchor-center mapboxgl-marker-anchor-center"
           style="transform: translate(-50%, -50%) translate(988px, 1416px) rotateX(0deg) rotateZ(0deg); cursor: pointer;"
      >
        <span>
          <div class="park-and-ride-marker__StyledParkAndRideIcon-sc-3bjx94-0 ipcSkF">
            P
          </div>
        </span>
      </div>
      <div class="maplibregl-marker mapboxgl-marker maplibregl-marker-anchor-center mapboxgl-marker-anchor-center"
           style="transform: translate(-50%, -50%) translate(3568px, 585px) rotateX(0deg) rotateZ(0deg); cursor: pointer;"
      >
        <span>
          <div class="park-and-ride-marker__StyledParkAndRideIcon-sc-3bjx94-0 ipcSkF">
            P
          </div>
        </span>
      </div>
      <div class="maplibregl-marker mapboxgl-marker maplibregl-marker-anchor-center mapboxgl-marker-anchor-center"
           style="transform: translate(-50%, -50%) translate(2915px, 273px) rotateX(0deg) rotateZ(0deg); cursor: pointer;"
      >
        <span>
          <div class="park-and-ride-marker__StyledParkAndRideIcon-sc-3bjx94-0 ipcSkF">
            P
          </div>
        </span>
      </div>
      <div class="maplibregl-marker mapboxgl-marker maplibregl-marker-anchor-center mapboxgl-marker-anchor-center"
           style="transform: translate(-50%, -50%) translate(160px, 818px) rotateX(0deg) rotateZ(0deg); cursor: pointer;"
      >
        <span>
          <div class="park-and-ride-marker__StyledParkAndRideIcon-sc-3bjx94-0 ipcSkF">
            P
          </div>
        </span>
      </div>
      <div class="maplibregl-marker mapboxgl-marker maplibregl-marker-anchor-center mapboxgl-marker-anchor-center"
           style="transform: translate(-50%, -50%) translate(999px, -1357px) rotateX(0deg) rotateZ(0deg); cursor: pointer;"
      >
        <span>
          <div class="park-and-ride-marker__StyledParkAndRideIcon-sc-3bjx94-0 ipcSkF">
            P
          </div>
        </span>
      </div>
      <div class="maplibregl-marker mapboxgl-marker maplibregl-marker-anchor-center mapboxgl-marker-anchor-center"
           style="transform: translate(-50%, -50%) translate(-2583px, 165px) rotateX(0deg) rotateZ(0deg); cursor: pointer;"
      >
        <span>
          <div class="park-and-ride-marker__StyledParkAndRideIcon-sc-3bjx94-0 ipcSkF">
            P
          </div>
        </span>
      </div>
      <div class="maplibregl-marker mapboxgl-marker maplibregl-marker-anchor-center mapboxgl-marker-anchor-center"
           style="transform: translate(-50%, -50%) translate(1746px, 1401px) rotateX(0deg) rotateZ(0deg); cursor: pointer;"
      >
        <span>
          <div class="park-and-ride-marker__StyledParkAndRideIcon-sc-3bjx94-0 ipcSkF">
            P
          </div>
        </span>
      </div>
      <div class="maplibregl-marker mapboxgl-marker maplibregl-marker-anchor-center mapboxgl-marker-anchor-center"
           style="transform: translate(-50%, -50%) translate(4572px, 4196px) rotateX(0deg) rotateZ(0deg); cursor: pointer;"
      >
        <span>
          <div class="park-and-ride-marker__StyledParkAndRideIcon-sc-3bjx94-0 ipcSkF">
            P
          </div>
        </span>
      </div>
      <div class="maplibregl-marker mapboxgl-marker maplibregl-marker-anchor-center mapboxgl-marker-anchor-center"
           style="transform: translate(-50%, -50%) translate(1407px, 3321px) rotateX(0deg) rotateZ(0deg); cursor: pointer;"
      >
        <span>
          <div class="park-and-ride-marker__StyledParkAndRideIcon-sc-3bjx94-0 ipcSkF">
            P
          </div>
        </span>
      </div>
      <div class="maplibregl-marker mapboxgl-marker maplibregl-marker-anchor-center mapboxgl-marker-anchor-center"
           style="transform: translate(-50%, -50%) translate(701px, -2546px) rotateX(0deg) rotateZ(0deg); cursor: pointer;"
      >
        <span>
          <div class="park-and-ride-marker__StyledParkAndRideIcon-sc-3bjx94-0 ipcSkF">
            P
          </div>
        </span>
      </div>
      <div class="maplibregl-marker mapboxgl-marker maplibregl-marker-anchor-center mapboxgl-marker-anchor-center"
           style="transform: translate(-50%, -50%) translate(-832px, 483px) rotateX(0deg) rotateZ(0deg); cursor: pointer;"
      >
        <span>
          <div class="park-and-ride-marker__StyledParkAndRideIcon-sc-3bjx94-0 ipcSkF">
            P
          </div>
        </span>
      </div>
      <div class="maplibregl-marker mapboxgl-marker maplibregl-marker-anchor-center mapboxgl-marker-anchor-center"
           style="transform: translate(-50%, -50%) translate(450px, -971px) rotateX(0deg) rotateZ(0deg); cursor: pointer;"
      >
        <span>
          <div class="park-and-ride-marker__StyledParkAndRideIcon-sc-3bjx94-0 ipcSkF">
            P
          </div>
        </span>
      </div>
      <div class="maplibregl-marker mapboxgl-marker maplibregl-marker-anchor-center mapboxgl-marker-anchor-center"
           style="transform: translate(-50%, -50%) translate(-1915px, 246px) rotateX(0deg) rotateZ(0deg); cursor: pointer;"
      >
        <span>
          <div class="park-and-ride-marker__StyledParkAndRideIcon-sc-3bjx94-0 ipcSkF">
            P
          </div>
        </span>
      </div>
      <div class="maplibregl-marker mapboxgl-marker maplibregl-marker-anchor-center mapboxgl-marker-anchor-center"
           style="transform: translate(-50%, -50%) translate(-725px, 1350px) rotateX(0deg) rotateZ(0deg); cursor: pointer;"
      >
        <span>
          <div class="park-and-ride-marker__StyledParkAndRideIcon-sc-3bjx94-0 ipcSkF">
            P
          </div>
        </span>
      </div>
      <div class="maplibregl-marker mapboxgl-marker maplibregl-marker-anchor-center mapboxgl-marker-anchor-center"
           style="transform: translate(-50%, -50%) translate(512px, 2167px) rotateX(0deg) rotateZ(0deg); cursor: pointer;"
      >
        <span>
          <div class="park-and-ride-marker__StyledParkAndRideIcon-sc-3bjx94-0 ipcSkF">
            P
          </div>
        </span>
      </div>
      <div class="maplibregl-marker mapboxgl-marker maplibregl-marker-anchor-center mapboxgl-marker-anchor-center"
           style="transform: translate(-50%, -50%) translate(-600px, 3752px) rotateX(0deg) rotateZ(0deg); cursor: pointer;"
      >
        <span>
          <div class="park-and-ride-marker__StyledParkAndRideIcon-sc-3bjx94-0 ipcSkF">
            P
          </div>
        </span>
      </div>
      <div class="maplibregl-marker mapboxgl-marker maplibregl-marker-anchor-center mapboxgl-marker-anchor-center"
           style="transform: translate(-50%, -50%) translate(-803px, 2039px) rotateX(0deg) rotateZ(0deg); cursor: pointer;"
      >
        <span>
          <div class="park-and-ride-marker__StyledParkAndRideIcon-sc-3bjx94-0 ipcSkF">
            P
          </div>
        </span>
      </div>
      <div class="maplibregl-marker mapboxgl-marker maplibregl-marker-anchor-center mapboxgl-marker-anchor-center"
           style="transform: translate(-50%, -50%) translate(83px, 1381px) rotateX(0deg) rotateZ(0deg); cursor: pointer;"
      >
        <span>
          <div class="park-and-ride-marker__StyledParkAndRideIcon-sc-3bjx94-0 ipcSkF">
            P
          </div>
        </span>
      </div>
      <div class="maplibregl-marker mapboxgl-marker maplibregl-marker-anchor-center mapboxgl-marker-anchor-center"
           style="transform: translate(-50%, -50%) translate(556px, 1957px) rotateX(0deg) rotateZ(0deg); cursor: pointer;"
      >
        <span>
          <div class="park-and-ride-marker__StyledParkAndRideIcon-sc-3bjx94-0 ipcSkF">
            P
          </div>
        </span>
      </div>
      <div class="maplibregl-marker mapboxgl-marker maplibregl-marker-anchor-center mapboxgl-marker-anchor-center"
           style="transform: translate(-50%, -50%) translate(146px, 1972px) rotateX(0deg) rotateZ(0deg); cursor: pointer;"
      >
        <span>
          <div class="park-and-ride-marker__StyledParkAndRideIcon-sc-3bjx94-0 ipcSkF">
            P
          </div>
        </span>
      </div>
      <div class="maplibregl-marker mapboxgl-marker maplibregl-marker-anchor-center mapboxgl-marker-anchor-center"
           style="transform: translate(-50%, -50%) translate(-1197px, 1051px) rotateX(0deg) rotateZ(0deg); cursor: pointer;"
      >
        <span>
          <div class="park-and-ride-marker__StyledParkAndRideIcon-sc-3bjx94-0 ipcSkF">
            P
          </div>
        </span>
      </div>
      <div class="maplibregl-marker mapboxgl-marker maplibregl-marker-anchor-center mapboxgl-marker-anchor-center"
           style="transform: translate(-50%, -50%) translate(-2247px, 115px) rotateX(0deg) rotateZ(0deg); cursor: pointer;"
      >
        <span>
          <div class="park-and-ride-marker__StyledParkAndRideIcon-sc-3bjx94-0 ipcSkF">
            P
          </div>
        </span>
      </div>
      <div class="maplibregl-marker mapboxgl-marker maplibregl-marker-anchor-center mapboxgl-marker-anchor-center"
           style="transform: translate(-50%, -50%) translate(2553px, -937px) rotateX(0deg) rotateZ(0deg); cursor: pointer;"
      >
        <span>
          <div class="park-and-ride-marker__StyledParkAndRideIcon-sc-3bjx94-0 ipcSkF">
            P
          </div>
        </span>
      </div>
      <div class="maplibregl-marker mapboxgl-marker maplibregl-marker-anchor-center mapboxgl-marker-anchor-center"
           style="transform: translate(-50%, -50%) translate(2557px, -955px) rotateX(0deg) rotateZ(0deg); cursor: pointer;"
      >
        <span>
          <div class="park-and-ride-marker__StyledParkAndRideIcon-sc-3bjx94-0 ipcSkF">
            P
          </div>
        </span>
      </div>
      <div class="maplibregl-marker mapboxgl-marker maplibregl-marker-anchor-center mapboxgl-marker-anchor-center"
           style="transform: translate(-50%, -50%) translate(2194px, 262px) rotateX(0deg) rotateZ(0deg); cursor: pointer;"
      >
        <span>
          <div class="park-and-ride-marker__StyledParkAndRideIcon-sc-3bjx94-0 ipcSkF">
            P
          </div>
        </span>
      </div>
      <div class="maplibregl-marker mapboxgl-marker maplibregl-marker-anchor-center mapboxgl-marker-anchor-center"
           style="transform: translate(-50%, -50%) translate(-1368px, 3031px) rotateX(0deg) rotateZ(0deg); cursor: pointer;"
      >
        <span>
          <div class="park-and-ride-marker__StyledParkAndRideIcon-sc-3bjx94-0 ipcSkF">
            P
          </div>
        </span>
      </div>
      <div class="maplibregl-marker mapboxgl-marker maplibregl-marker-anchor-center mapboxgl-marker-anchor-center"
           style="transform: translate(-50%, -50%) translate(-408px, 2684px) rotateX(0deg) rotateZ(0deg); cursor: pointer;"
      >
        <span>
          <div class="park-and-ride-marker__StyledParkAndRideIcon-sc-3bjx94-0 ipcSkF">
            P
          </div>
        </span>
      </div>
      <div class="maplibregl-marker mapboxgl-marker maplibregl-marker-anchor-center mapboxgl-marker-anchor-center"
           style="transform: translate(-50%, -50%) translate(1017px, 1628px) rotateX(0deg) rotateZ(0deg); cursor: pointer;"
      >
        <span>
          <div class="park-and-ride-marker__StyledParkAndRideIcon-sc-3bjx94-0 ipcSkF">
            P
          </div>
        </span>
      </div>
      <div class="maplibregl-marker mapboxgl-marker maplibregl-marker-anchor-center mapboxgl-marker-anchor-center"
           style="transform: translate(-50%, -50%) translate(754px, -3054px) rotateX(0deg) rotateZ(0deg); cursor: pointer;"
      >
        <span>
          <div class="park-and-ride-marker__StyledParkAndRideIcon-sc-3bjx94-0 ipcSkF">
            P
          </div>
        </span>
      </div>
      <div class="maplibregl-marker mapboxgl-marker maplibregl-marker-anchor-center mapboxgl-marker-anchor-center"
           style="transform: translate(-50%, -50%) translate(-2951px, 286px) rotateX(0deg) rotateZ(0deg); cursor: pointer;"
      >
        <span>
          <div class="park-and-ride-marker__StyledParkAndRideIcon-sc-3bjx94-0 ipcSkF">
            P
          </div>
        </span>
      </div>
      <div class="maplibregl-marker mapboxgl-marker maplibregl-marker-anchor-center mapboxgl-marker-anchor-center"
           style="transform: translate(-50%, -50%) translate(-1468px, 447px) rotateX(0deg) rotateZ(0deg); cursor: pointer;"
      >
        <span>
          <div class="park-and-ride-marker__StyledParkAndRideIcon-sc-3bjx94-0 ipcSkF">
            P
          </div>
        </span>
      </div>
      <div class="maplibregl-marker mapboxgl-marker maplibregl-marker-anchor-center mapboxgl-marker-anchor-center"
           style="transform: translate(-50%, -50%) translate(-1348px, 2800px) rotateX(0deg) rotateZ(0deg); cursor: pointer;"
      >
        <span>
          <div class="park-and-ride-marker__StyledParkAndRideIcon-sc-3bjx94-0 ipcSkF">
            P
          </div>
        </span>
      </div>
      <div class="maplibregl-marker mapboxgl-marker maplibregl-marker-anchor-center mapboxgl-marker-anchor-center"
           style="transform: translate(-50%, -50%) translate(-415px, 801px) rotateX(0deg) rotateZ(0deg); cursor: pointer;"
      >
        <span>
          <div class="park-and-ride-marker__StyledParkAndRideIcon-sc-3bjx94-0 ipcSkF">
            P
          </div>
        </span>
      </div>
      <div class="maplibregl-marker mapboxgl-marker maplibregl-marker-anchor-center mapboxgl-marker-anchor-center"
           style="transform: translate(-50%, -50%) translate(-276px, 2338px) rotateX(0deg) rotateZ(0deg); cursor: pointer;"
      >
        <span>
          <div class="park-and-ride-marker__StyledParkAndRideIcon-sc-3bjx94-0 ipcSkF">
            P
          </div>
        </span>
      </div>
      <div class="maplibregl-marker mapboxgl-marker maplibregl-marker-anchor-center mapboxgl-marker-anchor-center"
           style="transform: translate(-50%, -50%) translate(-280px, 2369px) rotateX(0deg) rotateZ(0deg); cursor: pointer;"
      >
        <span>
          <div class="park-and-ride-marker__StyledParkAndRideIcon-sc-3bjx94-0 ipcSkF">
            P
          </div>
        </span>
      </div>
      <div class="maplibregl-marker mapboxgl-marker maplibregl-marker-anchor-center mapboxgl-marker-anchor-center"
           style="transform: translate(-50%, -50%) translate(452px, -1139px) rotateX(0deg) rotateZ(0deg); cursor: pointer;"
      >
        <span>
          <div class="park-and-ride-marker__StyledParkAndRideIcon-sc-3bjx94-0 ipcSkF">
            P
          </div>
        </span>
      </div>
      <div class="maplibregl-marker mapboxgl-marker maplibregl-marker-anchor-center mapboxgl-marker-anchor-center"
           style="transform: translate(-50%, -50%) translate(895px, 944px) rotateX(0deg) rotateZ(0deg); cursor: pointer;"
      >
        <span>
          <div class="park-and-ride-marker__StyledParkAndRideIcon-sc-3bjx94-0 ipcSkF">
            P
          </div>
        </span>
      </div>
      <div class="maplibregl-marker mapboxgl-marker maplibregl-marker-anchor-center mapboxgl-marker-anchor-center"
           style="transform: translate(-50%, -50%) translate(-465px, 2561px) rotateX(0deg) rotateZ(0deg); cursor: pointer;"
      >
        <span>
          <div class="park-and-ride-marker__StyledParkAndRideIcon-sc-3bjx94-0 ipcSkF">
            P
          </div>
        </span>
      </div>
      <div class="maplibregl-marker mapboxgl-marker maplibregl-marker-anchor-center mapboxgl-marker-anchor-center"
           style="transform: translate(-50%, -50%) translate(-464px, 2585px) rotateX(0deg) rotateZ(0deg); cursor: pointer;"
      >
        <span>
          <div class="park-and-ride-marker__StyledParkAndRideIcon-sc-3bjx94-0 ipcSkF">
            P
          </div>
        </span>
      </div>
      <div class="maplibregl-marker mapboxgl-marker maplibregl-marker-anchor-center mapboxgl-marker-anchor-center"
           style="transform: translate(-50%, -50%) translate(985px, 2504px) rotateX(0deg) rotateZ(0deg); cursor: pointer;"
      >
        <span>
          <div class="park-and-ride-marker__StyledParkAndRideIcon-sc-3bjx94-0 ipcSkF">
            P
          </div>
        </span>
      </div>
      <div class="maplibregl-marker mapboxgl-marker maplibregl-marker-anchor-center mapboxgl-marker-anchor-center"
           style="transform: translate(-50%, -50%) translate(-951px, 908px) rotateX(0deg) rotateZ(0deg); cursor: pointer;"
      >
        <span>
          <div class="park-and-ride-marker__StyledParkAndRideIcon-sc-3bjx94-0 ipcSkF">
            P
          </div>
        </span>
      </div>
      <div class="maplibregl-marker mapboxgl-marker maplibregl-marker-anchor-center mapboxgl-marker-anchor-center"
           style="transform: translate(-50%, -50%) translate(-360px, 1699px) rotateX(0deg) rotateZ(0deg); cursor: pointer;"
      >
        <span>
          <div class="park-and-ride-marker__StyledParkAndRideIcon-sc-3bjx94-0 ipcSkF">
            P
          </div>
        </span>
      </div>
      <div class="maplibregl-marker mapboxgl-marker maplibregl-marker-anchor-center mapboxgl-marker-anchor-center"
           style="transform: translate(-50%, -50%) translate(4500px, 3985px) rotateX(0deg) rotateZ(0deg); cursor: pointer;"
      >
        <span>
          <div class="park-and-ride-marker__StyledParkAndRideIcon-sc-3bjx94-0 ipcSkF">
            P
          </div>
        </span>
      </div>
      <div class="maplibregl-marker mapboxgl-marker maplibregl-marker-anchor-center mapboxgl-marker-anchor-center"
           style="transform: translate(-50%, -50%) translate(1694px, 277px) rotateX(0deg) rotateZ(0deg); cursor: pointer;"
      >
        <span>
          <div class="park-and-ride-marker__StyledParkAndRideIcon-sc-3bjx94-0 ipcSkF">
            P
          </div>
        </span>
      </div>
      <div class="maplibregl-marker mapboxgl-marker maplibregl-marker-anchor-center mapboxgl-marker-anchor-center"
           style="transform: translate(-50%, -50%) translate(-326px, 1656px) rotateX(0deg) rotateZ(0deg); cursor: pointer;"
      >
        <span>
          <div class="park-and-ride-marker__StyledParkAndRideIcon-sc-3bjx94-0 ipcSkF">
            P
          </div>
        </span>
      </div>
      <div class="maplibregl-marker mapboxgl-marker maplibregl-marker-anchor-center mapboxgl-marker-anchor-center"
           style="transform: translate(-50%, -50%) translate(1045px, 1815px) rotateX(0deg) rotateZ(0deg); cursor: pointer;"
      >
        <span>
          <div class="park-and-ride-marker__StyledParkAndRideIcon-sc-3bjx94-0 ipcSkF">
            P
          </div>
        </span>
      </div>
      <div class="maplibregl-marker mapboxgl-marker maplibregl-marker-anchor-center mapboxgl-marker-anchor-center"
           style="transform: translate(-50%, -50%) translate(149px, -664px) rotateX(0deg) rotateZ(0deg); cursor: pointer;"
      >
        <span>
          <div class="park-and-ride-marker__StyledParkAndRideIcon-sc-3bjx94-0 ipcSkF">
            P
          </div>
        </span>
      </div>
      <div class="maplibregl-marker mapboxgl-marker maplibregl-marker-anchor-center mapboxgl-marker-anchor-center"
           style="transform: translate(-50%, -50%) translate(-538px, 2771px) rotateX(0deg) rotateZ(0deg); cursor: pointer;"
      >
        <span>
          <div class="park-and-ride-marker__StyledParkAndRideIcon-sc-3bjx94-0 ipcSkF">
            P
          </div>
        </span>
      </div>
      <div class="maplibregl-marker mapboxgl-marker maplibregl-marker-anchor-center mapboxgl-marker-anchor-center"
           style="transform: translate(-50%, -50%) translate(-688px, 1369px) rotateX(0deg) rotateZ(0deg); cursor: pointer;"
      >
        <span>
          <div class="park-and-ride-marker__StyledParkAndRideIcon-sc-3bjx94-0 ipcSkF">
            P
          </div>
        </span>
      </div>
      <div class="maplibregl-marker mapboxgl-marker maplibregl-marker-anchor-center mapboxgl-marker-anchor-center"
           style="transform: translate(-50%, -50%) translate(2250px, -1617px) rotateX(0deg) rotateZ(0deg); cursor: pointer;"
      >
        <span>
          <div class="park-and-ride-marker__StyledParkAndRideIcon-sc-3bjx94-0 ipcSkF">
            P
          </div>
        </span>
      </div>
      <div class="maplibregl-marker mapboxgl-marker maplibregl-marker-anchor-center mapboxgl-marker-anchor-center"
           style="transform: translate(-50%, -50%) translate(-670px, 448px) rotateX(0deg) rotateZ(0deg); cursor: pointer;"
      >
        <span>
          <div class="park-and-ride-marker__StyledParkAndRideIcon-sc-3bjx94-0 ipcSkF">
            P
          </div>
        </span>
      </div>
      <div class="maplibregl-marker mapboxgl-marker maplibregl-marker-anchor-center mapboxgl-marker-anchor-center"
           style="transform: translate(-50%, -50%) translate(-1129px, 695px) rotateX(0deg) rotateZ(0deg); cursor: pointer;"
      >
        <span>
          <div class="park-and-ride-marker__StyledParkAndRideIcon-sc-3bjx94-0 ipcSkF">
            P
          </div>
        </span>
      </div>
      <div class="maplibregl-marker mapboxgl-marker maplibregl-marker-anchor-center mapboxgl-marker-anchor-center"
           style="transform: translate(-50%, -50%) translate(1011px, 1252px) rotateX(0deg) rotateZ(0deg); cursor: pointer;"
      >
        <span>
          <div class="park-and-ride-marker__StyledParkAndRideIcon-sc-3bjx94-0 ipcSkF">
            P
          </div>
        </span>
      </div>
      <div class="maplibregl-marker mapboxgl-marker maplibregl-marker-anchor-center mapboxgl-marker-anchor-center"
           style="transform: translate(-50%, -50%) translate(1820px, 1685px) rotateX(0deg) rotateZ(0deg); cursor: pointer;"
      >
        <span>
          <div class="park-and-ride-marker__StyledParkAndRideIcon-sc-3bjx94-0 ipcSkF">
            P
          </div>
        </span>
      </div>
      <div class="maplibregl-marker mapboxgl-marker maplibregl-marker-anchor-center mapboxgl-marker-anchor-center"
           style="transform: translate(-50%, -50%) translate(1872px, -356px) rotateX(0deg) rotateZ(0deg); cursor: pointer;"
      >
        <span>
          <div class="park-and-ride-marker__StyledParkAndRideIcon-sc-3bjx94-0 ipcSkF">
            P
          </div>
        </span>
      </div>
      <div class="maplibregl-marker mapboxgl-marker maplibregl-marker-anchor-center mapboxgl-marker-anchor-center"
           style="transform: translate(-50%, -50%) translate(-917px, 1141px) rotateX(0deg) rotateZ(0deg); cursor: pointer;"
      >
        <span>
          <div class="park-and-ride-marker__StyledParkAndRideIcon-sc-3bjx94-0 ipcSkF">
            P
          </div>
        </span>
      </div>
      <div class="maplibregl-marker mapboxgl-marker maplibregl-marker-anchor-center mapboxgl-marker-anchor-center"
           style="transform: translate(-50%, -50%) translate(1864px, 381px) rotateX(0deg) rotateZ(0deg); cursor: pointer;"
      >
        <span>
          <div class="park-and-ride-marker__StyledParkAndRideIcon-sc-3bjx94-0 ipcSkF">
            P
          </div>
        </span>
      </div>
      <div class="maplibregl-marker mapboxgl-marker maplibregl-marker-anchor-center mapboxgl-marker-anchor-center"
           style="transform: translate(-50%, -50%) translate(-1708px, 316px) rotateX(0deg) rotateZ(0deg); cursor: pointer;"
      >
        <span>
          <div class="park-and-ride-marker__StyledParkAndRideIcon-sc-3bjx94-0 ipcSkF">
            P
          </div>
        </span>
      </div>
      <div class="maplibregl-marker mapboxgl-marker maplibregl-marker-anchor-center mapboxgl-marker-anchor-center"
           style="transform: translate(-50%, -50%) translate(1842px, 775px) rotateX(0deg) rotateZ(0deg); cursor: pointer;"
      >
        <span>
          <div class="park-and-ride-marker__StyledParkAndRideIcon-sc-3bjx94-0 ipcSkF">
            P
          </div>
        </span>
      </div>
    </div>
    <div class="maplibregl-control-container mapboxgl-control-container">
      <div class="maplibregl-ctrl-top-left mapboxgl-ctrl-top-left">
      </div>
      <div class="maplibregl-ctrl-top-right mapboxgl-ctrl-top-right">
      </div>
      <div class="maplibregl-ctrl-bottom-left mapboxgl-ctrl-bottom-left">
      </div>
      <div class="maplibregl-ctrl-bottom-right mapboxgl-ctrl-bottom-right">
        <details class="maplibregl-ctrl maplibregl-ctrl-attrib mapboxgl-ctrl mapboxgl-ctrl-attrib maplibregl-attrib-empty mapboxgl-attrib-empty"
                 open
        >
          <summary class="maplibregl-ctrl-attrib-button mapboxgl-ctrl-attrib-button"
                   title="Toggle attribution"
                   aria-label="Toggle attribution"
          >
          </summary>
          <div class="maplibregl-ctrl-attrib-inner mapboxgl-ctrl-attrib-inner">
          </div>
        </details>
      </div>
    </div>
  </div>
</div>
`;
