// Jest Snapshot v1, https://goo.gl/fbAQLP

exports[`Icons/StandardLegIcon StandardLegIconExamples smoke-test 1`] = `
<table class="CLASS_NAME_FILLER">
  <thead>
    <tr>
      <th>
        Leg Type
      </th>
      <th>
        Result
      </th>
    </tr>
  </thead>
  <tbody>
    <tr>
      <td>
        Personal bike
      </td>
      <td>
        <div>
          <svg version="1.1"
               viewbox="0 0 32 32"
               height="100%"
               width="100%"
               leg="[object Object]"
          >
            <g>
              <path d="M6.9,15.4c-3.8,0-6.9,3.1-6.9,6.9c0,3.8,3.1,6.9,6.9,7c3.8,0,6.9-3.1,6.9-7C13.9,18.6,10.8,15.5,6.9,15.4z M10.7,26.1 c-0.9,1-2.3,1.6-3.7,1.6c-1.4,0-2.8-0.6-3.7-1.6c-0.9-0.9-1.5-2.3-1.5-3.7c0-1.4,0.6-2.8,1.5-3.7c1-1,2.3-1.5,3.7-1.5 c1.4,0,2.8,0.6,3.7,1.5c1,0.9,1.5,2.3,1.5,3.7C12.2,23.8,11.6,25.2,10.7,26.1z">
              </path>
              <path d="M19.2,7.7c1.4,0,2.5-1.1,2.5-2.5c0-1.4-1.1-2.5-2.5-2.5c-1.4,0-2.5,1.1-2.5,2.5C16.7,6.6,17.8,7.7,19.2,7.7z">
              </path>
              <path d="M23.9,13.9c1.5,0,1.5-2-0.1-2h-4l-2.8-4.6c-0.6-0.8-2.3-0.9-3-0.1l-4.9,4.9C8,13.3,8.7,15,10,15.4l4.5,2.8v4.6 c0,1,0.8,1.6,1.5,1.6c0.7,0,1.5-0.5,1.5-1.6V17c0-0.5-0.1-1.2-0.5-1.3l-3-1.9l2.5-2.6l1.5,2c0.3,0.6,0.9,0.8,1.5,0.8H23.9z">
              </path>
              <g>
                <path d="M25.1,15.3c-3.8,0-6.9,3.1-6.9,6.9c0,3.8,3.1,6.9,6.9,6.9c3.8,0,6.9-3.1,6.9-6.9C32,18.5,28.9,15.3,25.1,15.3z M28.8,26 c-0.9,0.9-2.3,1.5-3.7,1.5c-1.4,0-2.8-0.6-3.7-1.5c-0.9-1-1.5-2.3-1.5-3.7c0-1.5,0.6-2.8,1.5-3.7c1-1,2.3-1.5,3.7-1.5 c1.5,0,2.8,0.6,3.7,1.5c1,1,1.5,2.3,1.5,3.7C30.3,23.7,29.7,25,28.8,26z">
                </path>
              </g>
            </g>
          </svg>
        </div>
      </td>
    </tr>
    <tr>
      <td>
        Bike rental
      </td>
      <td>
        <div>
          <svg version="1.1"
               viewbox="0 0 32 32"
               height="100%"
               width="100%"
               leg="[object Object]"
          >
            <g>
              <path d="M6.9,15.4c-3.8,0-6.9,3.1-6.9,6.9c0,3.8,3.1,6.9,6.9,7c3.8,0,6.9-3.1,6.9-7C13.9,18.6,10.8,15.5,6.9,15.4z M10.7,26.1 c-0.9,1-2.3,1.6-3.7,1.6c-1.4,0-2.8-0.6-3.7-1.6c-0.9-0.9-1.5-2.3-1.5-3.7c0-1.4,0.6-2.8,1.5-3.7c1-1,2.3-1.5,3.7-1.5 c1.4,0,2.8,0.6,3.7,1.5c1,0.9,1.5,2.3,1.5,3.7C12.2,23.8,11.6,25.2,10.7,26.1z">
              </path>
              <path d="M19.2,7.7c1.4,0,2.5-1.1,2.5-2.5c0-1.4-1.1-2.5-2.5-2.5c-1.4,0-2.5,1.1-2.5,2.5C16.7,6.6,17.8,7.7,19.2,7.7z">
              </path>
              <path d="M23.9,13.9c1.5,0,1.5-2-0.1-2h-4l-2.8-4.6c-0.6-0.8-2.3-0.9-3-0.1l-4.9,4.9C8,13.3,8.7,15,10,15.4l4.5,2.8v4.6 c0,1,0.8,1.6,1.5,1.6c0.7,0,1.5-0.5,1.5-1.6V17c0-0.5-0.1-1.2-0.5-1.3l-3-1.9l2.5-2.6l1.5,2c0.3,0.6,0.9,0.8,1.5,0.8H23.9z">
              </path>
              <g>
                <path d="M25.1,15.3c-3.8,0-6.9,3.1-6.9,6.9c0,3.8,3.1,6.9,6.9,6.9c3.8,0,6.9-3.1,6.9-6.9C32,18.5,28.9,15.3,25.1,15.3z M28.8,26 c-0.9,0.9-2.3,1.5-3.7,1.5c-1.4,0-2.8-0.6-3.7-1.5c-0.9-1-1.5-2.3-1.5-3.7c0-1.5,0.6-2.8,1.5-3.7c1-1,2.3-1.5,3.7-1.5 c1.5,0,2.8,0.6,3.7,1.5c1,1,1.5,2.3,1.5,3.7C30.3,23.7,29.7,25,28.8,26z">
                </path>
              </g>
            </g>
          </svg>
        </div>
      </td>
    </tr>
    <tr>
      <td>
        Bus
      </td>
      <td>
        <div>
          <svg version="1.1"
               viewbox="0 0 32 32"
               height="100%"
               width="100%"
               leg="[object Object]"
          >
            <g>
              <g>
                <g>
                  <path d="M19.9,14.4c-1.1,0-2,0.7-2.3,1.7c0.3,0,4.3,0,4.6,0C21.9,15.1,21,14.4,19.9,14.4z">
                  </path>
                  <path d="M26.9,7c-0.2-0.7-0.5-1.4-1.2-1.8c-5.2-2.7-14.4-2.6-19.1,0C6.2,5.5,5.4,6.1,5.1,7c-0.4,1.5-0.6,3-0.6,3.7l0,5.7l0,2.2 v6.1c0,0.2,0.2,0.3,0.4,0.3h22.3c0.2,0,0.3-0.1,0.3-0.3v-5.2l0-8.9C27.5,9.7,27.3,8.1,26.9,7z M11,4.9h9.9V6H11V4.9z M7.9,21.4 c-1,0-1.8-0.8-1.8-1.8c0-0.5,0.2-0.9,0.5-1.3C7,18,7.5,17.8,7.9,17.8c1,0,1.8,0.8,1.8,1.8C9.7,20.6,8.9,21.4,7.9,21.4z M24,21.4 c-1,0-1.8-0.8-1.8-1.8c0-1,0.8-1.8,1.8-1.8c1,0,1.8,0.8,1.8,1.8C25.8,20.6,25,21.4,24,21.4z M25.2,16.4H6.5C6.2,16.4,6,16,6,15.8 l0.5-7.9c0-0.4,0.3-0.8,0.8-0.8h17.4c0.2,0,0.7,0.5,0.7,1l0.6,7.7C26,16.1,25.6,16.4,25.2,16.4z">
                  </path>
                </g>
                <g>
                  <path d="M6.5,27.6c0,0.8,0.8,1.2,1.6,1.2c0.4,0,0.8-0.1,1-0.3c0.3-0.2,0.4-0.5,0.4-0.9c0,0,0-1.7,0-1.9c-0.2,0-2.8,0-3,0 C6.5,25.9,6.5,27.6,6.5,27.6z">
                  </path>
                  <path d="M22.3,27.6c0,0.8,0.8,1.1,1.6,1.1c0.8,0,1.6-0.4,1.6-1.1c0,0,0-1.7,0-1.8c-0.2,0-3.1,0-3.2,0 C22.3,25.9,22.3,27.6,22.3,27.6z">
                  </path>
                </g>
              </g>
            </g>
          </svg>
        </div>
      </td>
    </tr>
    <tr>
      <td>
        Micromobility (from Razor company)
      </td>
      <td>
        <div>
          <svg version="1.1"
               viewbox="0 0 1186 406.9"
          >
            <g>
              <path d="M476.4,292.1l-1.3-105.8c0-50.5-51.8-58.5-124.8-58.5c-25.9,0-31.2,9.8-31.2,16.9c0,19,20.4,16.9,40.2,16.9 c17.7,0,34.9,0.5,34.9,13.8c0,13.5-5.6,17.2-37,17.2c-75.4,0-106.3,36.5-102.1,68.2c4,30.9,35.4,49.7,87.8,49.7h108.7 C467.7,310.9,478.2,306.1,476.4,292.1 M382.5,276.8c-24.6,11.6-50.3,8.7-57.4-6.1c-6.9-14.8,7.4-36.2,32.3-47.6 c24.6-11.6,50.3-8.7,57.4,6.1C421.6,244,407.4,265.4,382.5,276.8">
              </path>
              <path d="M202.9,235.8c-2.6-3.4-3.4-7.7-3.4-12.7c0-5.6,4.5-11.9,14-19.8c7.1-4.5,12.2-7.9,15.9-10.6 c4.5-3.4,7.1-5.6,13.2-13.5c7.1-10.6,10.6-21.2,10.6-33.1c0-46.6-37.8-72.7-102.9-72.7H76.5c-32.8,0-74.6,6.6-74.6,71.9v137.5 c0,26.4,14,27.2,37,27.2c20.1,0,41.3-3.4,41.3-21.7v-41.3c0-10.1,7.9-17.2,18.2-17.2c15.6,0,16.9,3.4,39.4,30.4l31.7,36 c7.1,6.9,17.5,14,32.5,14h31.7c15.9,0,25.7-4.2,23.8-11.4C252.9,285.2,202.9,235.8,202.9,235.8 M134.7,184.7 c-29.1,13.5-59.2,10.3-67.4-7.1s8.7-42.6,37.8-56.1s59.2-10.3,67.4,7.1C180.7,146.1,163.8,171,134.7,184.7">
              </path>
              <path d="M664.4,277h-32.8c-16.4,0-43.1-0.5-22.2-21.2c3.7-3.7,68.5-74.1,68.5-74.1c12.4-12.4,23.5-20.6,29.6-36.8 c4-10.8-4.8-17.2-19.8-17.2H552c-15.9,0-25.9,6.3-25.9,16.4c0,11.9,10.3,17.2,22.5,17.2h14.5c15.3,0,45.8-1.3,32.3,12.2 c-7.7,7.4-81.5,82.8-81.5,82.8c-12.7,11.6-24.1,27-24.1,37.3c0,14.3,6.6,17.5,22,17.5h141.8c21.4,0,41.5-5.8,43.1-16.7 C698,285.5,682.4,277,664.4,277">
              </path>
              <path d="M1106.1,128.4c-17.2,0-37.6-1.9-78.8,5.8c-41,7.7-52.9,15.3-52.9,32.3v116.9c0,17.7,4.8,27.2,40.7,27.2 c37.6,0,42.8-8.7,42.8-25.9l-0.3-20.4c0-71.9-7.4-95.7,40.7-102.6c38.4-5.3,85.4,20.4,85.4-11.4 C1183.9,137.7,1152.4,128.4,1106.1,128.4">
              </path>
              <path d="M953,190l-0.3-1.1l-0.3-1.3c-12.7-40.7-73.3-62.2-118.8-62.2H825c-45.2,0-105.8,21.4-118.5,62.2L706,189 l-0.3,1.1c-2.6,9.5-4.2,19.6-4.2,29.9c0,10.6,1.3,20.4,4,30.2l0.5,1.6c11.6,41.3,72.7,61.9,118.5,61.9h9 c46.8,0,110.3-21.7,119.8-64.8c2.4-9.3,3.7-19,3.7-28.8C957,209.6,955.6,199.5,953,190 M849.8,262.2c-38.6,18-79.1,13.8-89.9-9.3 c-10.8-23.3,11.9-56.9,50.5-74.9c38.9-18,79.1-13.8,89.9,9.5C911.2,210.7,888.7,244.2,849.8,262.2">
              </path>
            </g>
          </svg>
        </div>
      </td>
    </tr>
    <tr>
      <td>
        Park &amp; Ride
      </td>
      <td>
        <div>
          <svg xmlns="http://www.w3.org/2000/svg"
               viewbox="0 0 512 512"
               height="100%"
               width="100%"
               leg="[object Object]"
          >
            <path d="M499.991 168h-54.815l-7.854-20.944c-9.192-24.513-25.425-45.351-46.942-60.263S343.651 64 317.472 64H194.528c-26.18 0-51.391 7.882-72.908 22.793-21.518 14.912-37.75 35.75-46.942 60.263L66.824 168H12.009c-8.191 0-13.974 8.024-11.384 15.795l8 24A12 12 0 0 0 20.009 216h28.815l-.052.14C29.222 227.093 16 247.997 16 272v48c0 16.225 6.049 31.029 16 42.309V424c0 13.255 10.745 24 24 24h48c13.255 0 24-10.745 24-24v-40h256v40c0 13.255 10.745 24 24 24h48c13.255 0 24-10.745 24-24v-61.691c9.951-11.281 16-26.085 16-42.309v-48c0-24.003-13.222-44.907-32.772-55.86l-.052-.14h28.815a12 12 0 0 0 11.384-8.205l8-24c2.59-7.771-3.193-15.795-11.384-15.795zm-365.388 1.528C143.918 144.689 168 128 194.528 128h122.944c26.528 0 50.61 16.689 59.925 41.528L391.824 208H120.176l14.427-38.472zM88 328c-17.673 0-32-14.327-32-32 0-17.673 14.327-32 32-32s48 30.327 48 48-30.327 16-48 16zm336 0c-17.673 0-48 1.673-48-16 0-17.673 30.327-48 48-48s32 14.327 32 32c0 17.673-14.327 32-32 32z">
            </path>
          </svg>
        </div>
      </td>
    </tr>
    <tr>
      <td>
        TNC (Uber)
      </td>
      <td>
        <div>
          <svg xmlns="http://www.w3.org/2000/svg"
               viewbox="0 0 926.91 321.78"
               height="100%"
               width="100%"
          >
            <path d="M53.33,229.81A79.25,79.25,0,0,0,69.6,256.47a70,70,0,0,0,24.63,16.95,80.36,80.36,0,0,0,31,5.88,76.61,76.61,0,0,0,30.51-6.1A75,75,0,0,0,180.55,256,77.86,77.86,0,0,0,197,229.58a95.52,95.52,0,0,0,5.88-34.35V0h47.45V316.35h-47V287a109,109,0,0,1-37.29,25.76,118.16,118.16,0,0,1-46.32,9A125.42,125.42,0,0,1,72.54,313a110.58,110.58,0,0,1-38-25.08A118.32,118.32,0,0,1,9.27,248.79Q0,226,0,197.95V0H47.45V195.24A97.36,97.36,0,0,0,53.33,229.81Z">
            </path>
            <path d="M332.17,0V115.24a120.88,120.88,0,0,1,36.61-25.08A109.74,109.74,0,0,1,414,80.9a119.18,119.18,0,0,1,47.45,9.49,119.55,119.55,0,0,1,64.18,64.18,118.06,118.06,0,0,1,9.49,47,116.44,116.44,0,0,1-9.49,46.77,120.14,120.14,0,0,1-64.17,63.95A119.18,119.18,0,0,1,414,321.78a111.31,111.31,0,0,1-45.42-9.27,120.06,120.06,0,0,1-36.83-25.08v28.92H286.52V0h45.64Zm5.2,232.75a78.63,78.63,0,0,0,16.95,25.31,81.78,81.78,0,0,0,25.31,17.17,76.94,76.94,0,0,0,31.18,6.33,75.83,75.83,0,0,0,30.73-6.33,79.06,79.06,0,0,0,25.08-17.17,83.82,83.82,0,0,0,16.95-25.31,76.93,76.93,0,0,0,6.33-31.18,78.54,78.54,0,0,0-6.33-31.41,83.07,83.07,0,0,0-16.95-25.53,76.09,76.09,0,0,0-25.08-16.95,79.45,79.45,0,0,0-86.77,16.95,81.07,81.07,0,0,0-17.17,25.53,78.54,78.54,0,0,0-6.33,31.41A79.38,79.38,0,0,0,337.36,232.75Z">
            </path>
            <path d="M560.84,155a123,123,0,0,1,24.86-38.19A119.57,119.57,0,0,1,716.31,90.39a109.34,109.34,0,0,1,36.61,25.08,114.65,114.65,0,0,1,24,38,129.58,129.58,0,0,1,8.59,47.68V216H597.9a77.29,77.29,0,0,0,9,26,78.34,78.34,0,0,0,16.95,20.79,77.45,77.45,0,0,0,23,13.78,75.27,75.27,0,0,0,27.34,5q41.13,0,66.43-33.9l33,24.4a122.74,122.74,0,0,1-42.48,36.15q-25.31,13.11-56.94,13.11a127.27,127.27,0,0,1-48.13-9A117.2,117.2,0,0,1,587.28,287a120.06,120.06,0,0,1-26-38.19A123.31,123.31,0,0,1,560.84,155Zm63.5-17.85q-19.21,16-25.53,42.71H739.36q-5.88-26.66-25.08-42.71t-45-16Q643.55,121.12,624.34,137.16Z">
            </path>
            <path d="M870.87,142.36q-14.46,15.82-14.46,42.93V316.35H810.76V85.87H856v28.47a64.24,64.24,0,0,1,22.37-22.15q13.78-8.14,32.77-8.14h15.82v42.48h-19Q885.33,126.54,870.87,142.36Z">
            </path>
          </svg>
        </div>
      </td>
    </tr>
    <tr>
      <td>
        Tram
      </td>
      <td>
        <div>
          <svg version="1.1"
               viewbox="0 0 32 32"
               height="100%"
               width="100%"
               leg="[object Object]"
          >
            <path d="M9.9,27.2v3.2L8.5,32h1.8l0.8-1.1v-1.8H21v1.8l1,1.1h1.6l-1.4-1.7v-3.1h3.4l0.3-1.6V5.2h-3.2l-0.7-1.9h-5.3V2.6l2.7-1.7V0 h-6.5v1l2.6,1.6v0.7h-5.3L9.4,5.2H6.2l0,20.4l0.3,1.6H9.9z M22.9,8.1l1.8,1.1V16l-1.8,0.6V8.1z M14.7,0.9h2.7L16,1.8L14.7,0.9z M9.9,8.3c0-0.5,0.3-0.8,0.8-0.8h10.4c0.5,0,0.8,0.3,0.8,0.8v7.8c0,0.5-0.3,0.8-0.8,0.8H10.7c-0.5,0-0.8-0.3-0.8-0.8V8.3z M21.9,18.1V20h-3.2v-1.9H21.9z M13.2,18.1v1.8H10v-1.8H13.2z M22.8,21.1v1.6H8.9v-1.6H22.8z M7.2,9.1L9,8v8.6L7.2,16V9.1z">
            </path>
          </svg>
        </div>
      </td>
    </tr>
    <tr>
      <td>
        Walk
      </td>
      <td>
        <div>
          <svg version="1.1"
               viewbox="0 0 32 32"
               height="100%"
               width="100%"
               leg="[object Object]"
          >
            <g>
              <path d="M17.1,0c1.5,0,2.7,1.2,2.7,2.7c0,1.5-1.2,2.7-2.7,2.7s-2.7-1.2-2.7-2.7C14.5,1.2,15.7,0,17.1,0z M25.2,16.6 c-0.4,0.5-1.1,0.7-1.7,0.3h0c0,0-3.7-2.5-3.9-2.7c-0.3-0.2-0.4-0.6-0.5-0.8c-0.1-0.2-0.5-1-0.8-1.5L18,13.3l-0.9,3.9 c0,0,4.6,5.4,4.7,5.5c0.1,0.1,0.2,0.5,0.3,0.7c0.1,0.2,1.2,6.6,1.2,6.6c0.2,1-0.5,1.9-1.4,2.1c-1,0.2-1.9-0.5-2.1-1.4l-1.2-6.3 l-3.8-4.1c0,0-0.8,3.9-0.9,4c0,0.1-0.1,0.2-0.1,0.3c0,0.1-3.9,6.7-3.9,6.7c-0.5,0.9-1.6,1.1-2.5,0.6c-0.9-0.5-1.1-1.6-0.6-2.5 l3.4-5.8L13,11l-1.9,1.5l-1,4.5c0,0,0,0,0,0c0,0.6-0.7,1.1-1.4,0.9c-0.6-0.1-1-0.4-0.9-1.4h0c0,0,1.1-5,1.1-5.2 c0.1-0.2,0.2-0.5,0.3-0.6c0.8-0.6,3.8-3.1,4.6-3.8c1-0.8,1.5-1.1,2.3-1.1c0.7,0,1.4,0.2,2.1,1C18.7,7.1,19,7.7,19.1,8 c0.2,0.3,2.2,4.4,2.2,4.4l3.6,2.5c0,0,0,0,0,0C25.5,15.3,25.6,16,25.2,16.6z">
              </path>
            </g>
          </svg>
        </div>
      </td>
    </tr>
  </tbody>
</table>
`;
