// Jest Snapshot v1, https://goo.gl/fbAQLP

exports[`core-utils RouteColorTester smoke-test 1`] = `
<div class="core-utilsstory__ColorBlockWrapper-sc-1u8rrx8-1 dQZJDC">
  <div class="core-utilsstory__ColorBlock-sc-1u8rrx8-0 gZGDOC">
    Provided color pair
  </div>
  <div class="core-utilsstory__ColorBlock-sc-1u8rrx8-0 gZGDOC">
    Corrected color pair
  </div>
</div>
<label>
  Foreground Color
  <input type="color"
         value="#333333"
  >
</label>
<label>
  Background Color
  <input type="color"
         value="#cbeb55"
  >
</label>
`;
